// Jest Snapshot v1, https://goo.gl/fbAQLP

exports[`Testing Edit Component should render properly. 1`] = `ShallowWrapper {}`;
