// Jest Snapshot v1, https://goo.gl/fbAQLP

exports[`Testing Employees Component should render properly. 1`] = `ShallowWrapper {}`;
