// Jest Snapshot v1, https://goo.gl/fbAQLP

exports[`Testing New Component should render properly. 1`] = `ShallowWrapper {}`;
